 
****************************************
Report : power
        -analysis_effort low
Design : top_digital_clock_24
Version: X-2025.06
Date   : Fri Oct  2 12:10:18 2026
****************************************


Library(s) Used:

    lsi_10k (File: /home2/BPRN36/MadhusudhanKV/VLSI_RN_OFFLINE/My_projects/Verilog_projects/Digital_clock_24/lib/lsi_10k.db)

Information: The cells in your design are not characterized for internal power. (PWR-229)

Operating Conditions: nom_pvt   Library: lsi_10k
Wire Load Model Mode: top


Global Operating Voltage = 5    
Power-specific unit information :
    Voltage Units = 1V
    Capacitance Units = 0.100000ff
    Time Units = 1ns
    Dynamic Power Units = 100nW    (derived from V,C,T units)
    Leakage Power Units = Unitless


Attributes
----------
i - Including register clock pin internal power


  Cell Internal Power  =   0.0000 nW    (0%)
  Net Switching Power  =   3.2456 uW  (100%)
                         ---------
Total Dynamic Power    =   3.2456 uW  (100%)

Cell Leakage Power     =   0.0000 

Error: Either dynamic power or leakage power, in the library, is unitless. Unable to display complete power group summary. (PWR-799)

                 Internal         Switching           Leakage            Total
Power Group      Power            Power               Power              Power   (   %    )  Attrs
--------------------------------------------------------------------------------------------------
io_pad             0.0000            0.0000            0.0000               NA   (     N/A)
memory             0.0000            0.0000            0.0000               NA   (     N/A)
black_box          0.0000            0.0000            0.0000               NA   (     N/A)
clock_network      0.0000            0.0000            0.0000               NA   (     N/A)  i
register           0.0000        1.1267e+03            0.0000               NA   (     N/A)
sequential         0.0000            0.0000            0.0000               NA   (     N/A)
combinational      0.0000        2.1189e+03            0.0000               NA   (     N/A)
--------------------------------------------------------------------------------------------------
Total              0.0000 nW     3.2456e+03 nW         0.0000               NA   