****************************************
Report : timing
        -path full
        -delay max
        -max_paths 1
Design : top_digital_clock_24
Version: X-2025.06
Date   : Fri Oct  2 12:10:18 2026
****************************************

Operating Conditions: nom_pvt   Library: lsi_10k
Wire Load Model Mode: top

  Startpoint: DIGITAL_CLOCK/count_clk_reg[0]
              (rising edge-triggered flip-flop clocked by clock)
  Endpoint: DIGITAL_CLOCK/ms_t_reg[2]
            (rising edge-triggered flip-flop clocked by clock)
  Path Group: clock
  Path Type: max

  Point                                                   Incr       Path
  --------------------------------------------------------------------------
  clock clock (rise edge)                                 0.00       0.00
  clock network delay (ideal)                             0.00       0.00
  DIGITAL_CLOCK/count_clk_reg[0]/CP (FD2)                 0.00       0.00 r
  DIGITAL_CLOCK/count_clk_reg[0]/Q (FD2)                  1.48       1.48 r
  DIGITAL_CLOCK/U4/Z (ND2)                                0.47       1.95 f
  DIGITAL_CLOCK/U8/Z (NR2)                                1.33       3.28 r
  DIGITAL_CLOCK/U10/Z (ND2)                               0.47       3.75 f
  DIGITAL_CLOCK/U14/Z (NR2)                               1.33       5.08 r
  DIGITAL_CLOCK/U16/Z (ND2)                               0.47       5.55 f
  DIGITAL_CLOCK/U20/Z (NR2)                               1.33       6.88 r
  DIGITAL_CLOCK/U22/Z (ND2)                               0.73       7.60 f
  DIGITAL_CLOCK/U97/Z (NR2)                               1.33       8.93 r
  DIGITAL_CLOCK/U100/Z (ND2)                              0.56       9.49 f
  DIGITAL_CLOCK/U108/Z (IVP)                              0.49       9.98 r
  DIGITAL_CLOCK/U111/Z (ND2)                              0.47      10.45 f
  DIGITAL_CLOCK/U112/Z (ND2)                              0.91      11.36 r
  DIGITAL_CLOCK/U117/Z (IVP)                              0.19      11.56 f
  DIGITAL_CLOCK/U118/Z (NR2)                              1.07      12.62 r
  DIGITAL_CLOCK/U120/Z (EON1)                             0.95      13.58 f
  DIGITAL_CLOCK/ms_t_reg[2]/D (FD3)                       0.00      13.58 f
  data arrival time                                                 13.58

  clock clock (rise edge)                                20.00      20.00
  clock network delay (ideal)                             0.00      20.00
  DIGITAL_CLOCK/ms_t_reg[2]/CP (FD3)                      0.00      20.00 r
  library setup time                                     -0.90      19.10
  data required time                                                19.10
  --------------------------------------------------------------------------
  data required time                                                19.10
  data arrival time                                                -13.58
  --------------------------------------------------------------------------
  slack (MET)                                                        5.52
